../Core/Src/main.c:130:6:xStep	8	static
../Core/Src/main.c:134:6:xDir	16	static
../Core/Src/main.c:138:6:yStep	8	static
../Core/Src/main.c:142:6:yDir	16	static
../Core/Src/main.c:146:6:Balance_XStep	8	static
../Core/Src/main.c:150:6:Balance_XDir	16	static
../Core/Src/main.c:154:6:Balance_YStep	8	static
../Core/Src/main.c:158:6:Balance_YDir	16	static
../Core/Src/main.c:162:6:resetStepperInfo	16	static
../Core/Src/main.c:177:6:resetStepper	40	static
../Core/Src/main.c:198:7:getDurationOfAcceleration	40	static
../Core/Src/main.c:208:6:prepareMovement	48	static
../Core/Src/main.c:234:6:setNextInterruptInterval	24	static
../Core/Src/main.c:259:6:HAL_TIM_PeriodElapsedCallback	40	static
../Core/Src/main.c:310:6:runAndWait	8	static
../Core/Src/main.c:319:6:adjustSpeedScales	24	static
../Core/Src/main.c:348:5:main	8	static
../Core/Src/main.c:414:6:SystemClock_Config	72	static
../Core/Src/main.c:454:13:MX_TIM2_Init	32	static
../Core/Src/main.c:499:13:MX_GPIO_Init	40	static
../Core/Src/main.c:532:6:Error_Handler	4	static,ignoring_inline_asm
